{"tool":"phpunit","result":"failed","tests":1,"passed":0,"assertions":0,"duration_ms":13908,"errors":1,"error_details":[{"test":"Tests\\Feature\\CheckoutMidtransTest::test_checkout_calls_midtrans_and_creates_payment_successfully","file":"D:\\laragon\\www\\cyber_store\\cyber_store_api\\tests\\Feature\\CheckoutMidtransTest.php","line":85,"message":"No connection could be made because the target machine actively refused it"}]}
